// Jest Snapshot v1, https://goo.gl/fbAQLP

exports[`should match the snapshot 1`] = `
<div
  class="authorsContainer"
>
  <h5>
    Authors 
  </h5>
  <div
    class="authors"
  >
    <div
      class="ant-card ant-card-bordered"
      style="width: auto; border: 0px;"
    >
      <div
        class="ant-card-body"
      >
        <div
          class="ant-card-meta"
        >
          <div
            class="ant-card-meta-avatar"
          >
            <span
              class="ant-avatar ant-avatar-circle ant-avatar-image"
            >
              <img
                src="https://cdn.centr.com/content/5000/4738/images/square1x-cen-author-pic-the-expertsv2.jpg"
              />
            </span>
          </div>
          <div
            class="ant-card-meta-detail"
          >
            <div
              class="ant-card-meta-title"
            >
              Centr Team
            </div>
          </div>
        </div>
      </div>
    </div>
    <div
      class="ant-card ant-card-bordered"
      style="width: auto; border: 0px;"
    >
      <div
        class="ant-card-body"
      >
        <div
          class="ant-card-meta"
        >
          <div
            class="ant-card-meta-avatar"
          >
            <span
              class="ant-avatar ant-avatar-circle ant-avatar-image"
            >
              <img
                src="https://cdn.centr.com/content/5000/4738/images/square1x-cen-author-pic-the-expertsv2.jpg"
              />
            </span>
          </div>
          <div
            class="ant-card-meta-detail"
          >
            <div
              class="ant-card-meta-title"
            >
              Tech Team
            </div>
          </div>
        </div>
      </div>
    </div>
  </div>
</div>
`;
