// Jest Snapshot v1, https://goo.gl/fbAQLP

exports[`should match the snapshot with normal content 1`] = `
<div
  class="block"
>
  <p>
    You’ve just got home from work, you’ve squeezed in a workout, the last thing you want to do is think too hard about food. Luckily, you don’t have to. This weeknight recipe collection is all about simple ingredients (many of which you already have in your pantry or fridge), quick cook times and all-round bang for your buck. Consider your dinner sorted!
  </p>
</div>
`;

exports[`should match the snapshot with related posts content 1`] = `
<div
  class="relatedArticles"
>
  <h4>
    Related Articles
  </h4>
  <div
    class="relatedArticle"
  >
    <h5>
      DAN CHURCHILL’S VEGGIE PITA WRAPS
    </h5>
  </div>
  <div
    class="relatedArticle"
  >
    <h5>
      HONEY GLAZED CHICKEN WITH POTATO WEDGES
    </h5>
  </div>
</div>
`;
